

cat /etc/redhat-release


vagrant plugin install vagrant-vbguest
vagrant plugin install vagrant-docker-compose

$ vagrant plugin list
vagrant-docker-compose (1.3.0)
vagrant-vbguest (0.16.0)

マウントに失敗する場合
$ An error occurred during installation of VirtualBox Guest Additions 5.1.38. Some functionality may not work as intended.
$ In most cases it is OK that the "Window System drivers" installation failed.
↓
vagrant vbguest

ssh後
sudo yum -y install update kernel
sudo yum -y install kernel-devel kernel-headers gcc gcc-c++


これは不要？
sudo /etc/init.d/vboxadd setup

■CentOS7.5に最新バージョンのDockerをインストールする
https://qiita.com/okcoder/items/e91f1e339c114e0be129

  公式
  https://docs.docker.com/install/linux/docker-ce/centos/#uninstall-old-versions

#古いdocker 削除
sudo yum remove docker  docker-client  docker-client-latest  docker-common  docker-latest  docker-latest-logrotate  docker-logrotate  docker-selinux  docker-engine-selinux  docker-engine


#
sudo yum install -y yum-utils device-mapper-persistent-data lvm2

sudo yum-config-manager --add-repo https://download.docker.com/linux/centos/docker-ce.repo

sudo yum install docker-ce -y



sudo systemctl enable docker
sudo systemctl start docker



sudo usermod -aG docker $USER



■docker-composeの最新Verでインストール
https://qiita.com/fake-deli-ca/items/955f648036fe803e4f33

#!/bin/bash
compose_version=$(curl https://api.github.com/repos/docker/compose/releases/latest | jq .name -r)
output='/usr/local/bin/docker-compose'
curl -L https://github.com/docker/compose/releases/download/$compose_version/docker-compose-$(uname -s)-$(uname -m) -o $output
chmod +x $output
echo $(docker-compose --version)




git submodule add [外部リポジトリ] [ローカルで格納したいディレクトリ]

git submodule add https://github.com/kimny1226/proc.git sources



vagrant box list
vagrant box remove centos/7

vagrant plugin list


vagrant up --provision
vagrant reload --provision


[vagrant@localhost ~]$ docker -v
Docker version 18.09.6, build 481bc77156
[vagrant@localhost ~]$ docker-compose -v
docker-compose version 1.11.2, build dfed245
[vagrant@localhost ~]$



docker-compose up -d --build




RUN apt-get update && apt-get install -y \
    git \
    unzip \
    zlib1g-dev \
    && docker-php-ext-install \
    zip \
    && apt-get clean \
    && rm -rf /var/lib/apt/lists/*
RUN curl -s http://getcomposer.org/installer | php && \
    echo "export PATH=${PATH}:/var/www/vendor/bin" >> ~/.bashrc && \
    mv composer.phar /usr/local/bin/composer




sudo yum -y install epel-release.noarch
sudo rpm -Uvh http://rpms.famillecollet.com/enterprise/remi-release-7.rpm
sudo yum -y install --enablerepo=remi,remi-php70 php php-devel php-mbstring php-pdo php-gd php-mysql php-xml

$ sudo yum clean all

$ curl -sS https://getcomposer.org/installer | php -- --install-dir=/tmp
$ sudo mv /tmp/composer.phar /usr/local/bin/composer



  ゲスト側に入れるか、コンテナ側で行うか。ホスト側で操作すれば済む
  # composer install (php install)
  config.vm.provision "shell", inline: <<-SHELL
    sudo yum -y install epel-release.noarch
    sudo rpm -Uvh http://rpms.famillecollet.com/enterprise/remi-release-7.rpm
    sudo yum -y install --enablerepo=remi,remi-php70 php php-devel php-mbstring php-pdo php-gd php-mysql php-xml
    sudo yum clean all
    curl -sS https://getcomposer.org/installer | php -- --install-dir=/tmp
    sudo mv /tmp/composer.phar /usr/local/bin/composer
  SHELL



composer create-project --prefer-dist laravel/laravel laravel_test 5.5.*

php-devel php-mbstring php-pdo php-gd php-mysqlnd php-intl phpunit

# chmod -R 777 storage
# chmod -R 777 bootstrap/cache


php+必要なもの
sudo yum install -y --enablerepo=remi,remi-php72 php php-devel php-mbstring php-pdo php-xml php-zip1

sudo yum install -y zip unzip


docker-compose exec web bash


chmod 777 -R storage
chmod 777 -R laravel_test/storage
chmod 777 -R laravel_test/bootstrap/cache



alias ll='ls -al'
alias vssh='vagrant ssh -c "cd /vagrant; bash"';

alias dc='docker-compose'


docker-compose exec --user 1000 web bash

これも不要
  # config.vm.synced_folder "./", "/vagrant", type:"virtualbox", :owner => 'vagrant', :group => 'vagrant', mount_options: ['dmode=777','fmode=775']



ゴミ掃除
vagrant global-status


vagrant global-status --prune




laravel関連

php artisan key:generate